D:/Izobrazevanje/4_FE_UNI_LJ/4._letnik/1._semester/Robotski_in_merilni_vgrajeni_sistemi/TouchGFX/Igre/Middlewares/Third_Party/LibJPEG/source/jdapistd.c:95:1:output_pass_setup	32	static
D:/Izobrazevanje/4_FE_UNI_LJ/4._letnik/1._semester/Robotski_in_merilni_vgrajeni_sistemi/TouchGFX/Igre/Middlewares/Third_Party/LibJPEG/source/jdapistd.c:38:1:jpeg_start_decompress	8	static
D:/Izobrazevanje/4_FE_UNI_LJ/4._letnik/1._semester/Robotski_in_merilni_vgrajeni_sistemi/TouchGFX/Igre/Middlewares/Third_Party/LibJPEG/source/jdapistd.c:152:1:jpeg_read_scanlines	32	static
D:/Izobrazevanje/4_FE_UNI_LJ/4._letnik/1._semester/Robotski_in_merilni_vgrajeni_sistemi/TouchGFX/Igre/Middlewares/Third_Party/LibJPEG/source/jdapistd.c:185:1:jpeg_read_raw_data	24	static
D:/Izobrazevanje/4_FE_UNI_LJ/4._letnik/1._semester/Robotski_in_merilni_vgrajeni_sistemi/TouchGFX/Igre/Middlewares/Third_Party/LibJPEG/source/jdapistd.c:228:1:jpeg_start_output	16	static
D:/Izobrazevanje/4_FE_UNI_LJ/4._letnik/1._semester/Robotski_in_merilni_vgrajeni_sistemi/TouchGFX/Igre/Middlewares/Third_Party/LibJPEG/source/jdapistd.c:253:1:jpeg_finish_output	16	static
