D:/Izobrazevanje/4_FE_UNI_LJ/4._letnik/1._semester/Robotski_in_merilni_vgrajeni_sistemi/TouchGFX/Igre/Middlewares/Third_Party/LibJPEG/source/jerror.c:98:1:output_message	208	static
D:/Izobrazevanje/4_FE_UNI_LJ/4._letnik/1._semester/Robotski_in_merilni_vgrajeni_sistemi/TouchGFX/Igre/Middlewares/Third_Party/LibJPEG/source/jerror.c:129:1:emit_message	8	static
D:/Izobrazevanje/4_FE_UNI_LJ/4._letnik/1._semester/Robotski_in_merilni_vgrajeni_sistemi/TouchGFX/Igre/Middlewares/Third_Party/LibJPEG/source/jerror.c:213:1:reset_error_mgr	0	static
D:/Izobrazevanje/4_FE_UNI_LJ/4._letnik/1._semester/Robotski_in_merilni_vgrajeni_sistemi/TouchGFX/Igre/Middlewares/Third_Party/LibJPEG/source/jerror.c:158:1:format_message	40	static
D:/Izobrazevanje/4_FE_UNI_LJ/4._letnik/1._semester/Robotski_in_merilni_vgrajeni_sistemi/TouchGFX/Igre/Middlewares/Third_Party/LibJPEG/source/jerror.c:70:1:error_exit	8	static
D:/Izobrazevanje/4_FE_UNI_LJ/4._letnik/1._semester/Robotski_in_merilni_vgrajeni_sistemi/TouchGFX/Igre/Middlewares/Third_Party/LibJPEG/source/jerror.c:232:1:jpeg_std_error	4	static
