../../TouchGFX/gui/include/gui/kaca_naslovnica_screen/Kaca_naslovnicaPresenter.hpp:28:13:Kaca_naslovnicaPresenter::~Kaca_naslovnicaPresenter()	0	static
D:/Izobrazevanje/4_FE_UNI_LJ/4._letnik/1._semester/Robotski_in_merilni_vgrajeni_sistemi/TouchGFX/Igre/TouchGFX/gui/src/kaca_naslovnica_screen/Kaca_naslovnicaPresenter.cpp:10:6:virtual void Kaca_naslovnicaPresenter::activate()	0	static
../../TouchGFX/gui/include/gui/kaca_naslovnica_screen/Kaca_naslovnicaPresenter.hpp:28:13:virtual Kaca_naslovnicaPresenter::~Kaca_naslovnicaPresenter()	8	static
../../TouchGFX/gui/include/gui/kaca_naslovnica_screen/Kaca_naslovnicaPresenter.hpp:28:13:virtual void* Kaca_naslovnicaPresenter::_ZThn4_N24Kaca_naslovnicaPresenterD1Ev()	0	static
../../TouchGFX/gui/include/gui/kaca_naslovnica_screen/Kaca_naslovnicaPresenter.hpp:28:13:virtual void* Kaca_naslovnicaPresenter::_ZThn4_N24Kaca_naslovnicaPresenterD0Ev()	16	static
D:/Izobrazevanje/4_FE_UNI_LJ/4._letnik/1._semester/Robotski_in_merilni_vgrajeni_sistemi/TouchGFX/Igre/TouchGFX/gui/src/kaca_naslovnica_screen/Kaca_naslovnicaPresenter.cpp:4:1:Kaca_naslovnicaPresenter::Kaca_naslovnicaPresenter(Kaca_naslovnicaView&)	4	static
