../../Middlewares/ST/touchgfx/framework/include/touchgfx/Screen.hpp:104:18:virtual void touchgfx::Screen::afterTransition()	0	static
../../Middlewares/ST/touchgfx/framework/include/touchgfx/Screen.hpp:144:18:virtual void touchgfx::Screen::handleTickEvent()	0	static
../../Middlewares/ST/touchgfx/framework/include/touchgfx/Screen.hpp:154:18:virtual void touchgfx::Screen::handleKeyEvent(uint8_t)	0	static
D:/Izobrazevanje/4_FE_UNI_LJ/4._letnik/1._semester/Robotski_in_merilni_vgrajeni_sistemi/TouchGFX/Igre/TouchGFX/gui/src/kaca_screen/KacaView.cpp:16:6:virtual void KacaView::tearDownScreen()	0	static
D:/Izobrazevanje/4_FE_UNI_LJ/4._letnik/1._semester/Robotski_in_merilni_vgrajeni_sistemi/TouchGFX/Igre/TouchGFX/gui/src/kaca_screen/KacaView.cpp:352:6:virtual bool KacaView::checkApplePose(int, int)	4	static
D:/Izobrazevanje/4_FE_UNI_LJ/4._letnik/1._semester/Robotski_in_merilni_vgrajeni_sistemi/TouchGFX/Igre/TouchGFX/gui/src/kaca_screen/KacaView.cpp:364:6:virtual void KacaView::savePose(int, int)	4	static
D:/Izobrazevanje/4_FE_UNI_LJ/4._letnik/1._semester/Robotski_in_merilni_vgrajeni_sistemi/TouchGFX/Igre/TouchGFX/gui/src/kaca_screen/KacaView.cpp:511:6:virtual bool KacaView::checkCrash(char)	4	static
D:/Izobrazevanje/4_FE_UNI_LJ/4._letnik/1._semester/Robotski_in_merilni_vgrajeni_sistemi/TouchGFX/Igre/TouchGFX/gui/src/kaca_screen/KacaView.cpp:347:5:virtual int KacaView::getPose(int)	8	static
../../TouchGFX/gui/include/gui/kaca_screen/KacaView.hpp:11:13:KacaView::~KacaView()	8	static
../../TouchGFX/gui/include/gui/kaca_screen/KacaView.hpp:11:13:virtual KacaView::~KacaView()	8	static
D:/Izobrazevanje/4_FE_UNI_LJ/4._letnik/1._semester/Robotski_in_merilni_vgrajeni_sistemi/TouchGFX/Igre/TouchGFX/gui/src/kaca_screen/KacaView.cpp:6:1:KacaView::KacaView()	16	static
D:/Izobrazevanje/4_FE_UNI_LJ/4._letnik/1._semester/Robotski_in_merilni_vgrajeni_sistemi/TouchGFX/Igre/TouchGFX/gui/src/kaca_screen/KacaView.cpp:11:6:virtual void KacaView::setupScreen()	0	static
D:/Izobrazevanje/4_FE_UNI_LJ/4._letnik/1._semester/Robotski_in_merilni_vgrajeni_sistemi/TouchGFX/Igre/TouchGFX/gui/src/kaca_screen/KacaView.cpp:375:6:virtual void KacaView::showFulSnake()	0	static
D:/Izobrazevanje/4_FE_UNI_LJ/4._letnik/1._semester/Robotski_in_merilni_vgrajeni_sistemi/TouchGFX/Igre/TouchGFX/gui/src/kaca_screen/KacaView.cpp:572:6:virtual void KacaView::deleteSnake()	16	static
D:/Izobrazevanje/4_FE_UNI_LJ/4._letnik/1._semester/Robotski_in_merilni_vgrajeni_sistemi/TouchGFX/Igre/TouchGFX/gui/src/kaca_screen/KacaView.cpp:422:6:virtual void KacaView::moveFulSnake()	16	static
D:/Izobrazevanje/4_FE_UNI_LJ/4._letnik/1._semester/Robotski_in_merilni_vgrajeni_sistemi/TouchGFX/Igre/TouchGFX/gui/src/kaca_screen/KacaView.cpp:21:6:virtual void KacaView::drawMaze()	24	static
D:/Izobrazevanje/4_FE_UNI_LJ/4._letnik/1._semester/Robotski_in_merilni_vgrajeni_sistemi/TouchGFX/Igre/TouchGFX/gui/src/kaca_screen/KacaView.cpp:211:6:virtual void KacaView::goU()	40	static
D:/Izobrazevanje/4_FE_UNI_LJ/4._letnik/1._semester/Robotski_in_merilni_vgrajeni_sistemi/TouchGFX/Igre/TouchGFX/gui/src/kaca_screen/KacaView.cpp:245:6:virtual void KacaView::goR()	40	static
D:/Izobrazevanje/4_FE_UNI_LJ/4._letnik/1._semester/Robotski_in_merilni_vgrajeni_sistemi/TouchGFX/Igre/TouchGFX/gui/src/kaca_screen/KacaView.cpp:279:6:virtual void KacaView::goD()	40	static
D:/Izobrazevanje/4_FE_UNI_LJ/4._letnik/1._semester/Robotski_in_merilni_vgrajeni_sistemi/TouchGFX/Igre/TouchGFX/gui/src/kaca_screen/KacaView.cpp:313:6:virtual void KacaView::goL()	40	static
