../../TouchGFX/gui/include/gui/labirint_naslovnica_screen/Labirint_naslovnicaPresenter.hpp:28:13:Labirint_naslovnicaPresenter::~Labirint_naslovnicaPresenter()	0	static
D:/Izobrazevanje/4_FE_UNI_LJ/4._letnik/1._semester/Robotski_in_merilni_vgrajeni_sistemi/TouchGFX/Igre/TouchGFX/gui/src/labirint_naslovnica_screen/Labirint_naslovnicaPresenter.cpp:10:6:virtual void Labirint_naslovnicaPresenter::activate()	0	static
../../TouchGFX/gui/include/gui/labirint_naslovnica_screen/Labirint_naslovnicaPresenter.hpp:28:13:virtual Labirint_naslovnicaPresenter::~Labirint_naslovnicaPresenter()	8	static
../../TouchGFX/gui/include/gui/labirint_naslovnica_screen/Labirint_naslovnicaPresenter.hpp:28:13:virtual void* Labirint_naslovnicaPresenter::_ZThn4_N28Labirint_naslovnicaPresenterD1Ev()	0	static
../../TouchGFX/gui/include/gui/labirint_naslovnica_screen/Labirint_naslovnicaPresenter.hpp:28:13:virtual void* Labirint_naslovnicaPresenter::_ZThn4_N28Labirint_naslovnicaPresenterD0Ev()	16	static
D:/Izobrazevanje/4_FE_UNI_LJ/4._letnik/1._semester/Robotski_in_merilni_vgrajeni_sistemi/TouchGFX/Igre/TouchGFX/gui/src/labirint_naslovnica_screen/Labirint_naslovnicaPresenter.cpp:4:1:Labirint_naslovnicaPresenter::Labirint_naslovnicaPresenter(Labirint_naslovnicaView&)	4	static
