../../Middlewares/ST/touchgfx/framework/include/touchgfx/Screen.hpp:104:18:virtual void touchgfx::Screen::afterTransition()	0	static
../../Middlewares/ST/touchgfx/framework/include/touchgfx/Screen.hpp:144:18:virtual void touchgfx::Screen::handleTickEvent()	0	static
../../Middlewares/ST/touchgfx/framework/include/touchgfx/Screen.hpp:154:18:virtual void touchgfx::Screen::handleKeyEvent(uint8_t)	0	static
D:/Izobrazevanje/4_FE_UNI_LJ/4._letnik/1._semester/Robotski_in_merilni_vgrajeni_sistemi/TouchGFX/Igre/TouchGFX/gui/src/labirint_screen/LabirintView.cpp:16:6:virtual void LabirintView::tearDownScreen()	0	static
../../TouchGFX/gui/include/gui/labirint_screen/LabirintView.hpp:11:13:LabirintView::~LabirintView()	8	static
../../TouchGFX/gui/include/gui/labirint_screen/LabirintView.hpp:11:13:virtual LabirintView::~LabirintView()	8	static
D:/Izobrazevanje/4_FE_UNI_LJ/4._letnik/1._semester/Robotski_in_merilni_vgrajeni_sistemi/TouchGFX/Igre/TouchGFX/gui/src/labirint_screen/LabirintView.cpp:6:1:LabirintView::LabirintView()	16	static
D:/Izobrazevanje/4_FE_UNI_LJ/4._letnik/1._semester/Robotski_in_merilni_vgrajeni_sistemi/TouchGFX/Igre/TouchGFX/gui/src/labirint_screen/LabirintView.cpp:11:6:virtual void LabirintView::setupScreen()	0	static
D:/Izobrazevanje/4_FE_UNI_LJ/4._letnik/1._semester/Robotski_in_merilni_vgrajeni_sistemi/TouchGFX/Igre/TouchGFX/gui/src/labirint_screen/LabirintView.cpp:21:6:virtual void LabirintView::drawMaze()	648	static
D:/Izobrazevanje/4_FE_UNI_LJ/4._letnik/1._semester/Robotski_in_merilni_vgrajeni_sistemi/TouchGFX/Igre/TouchGFX/gui/src/labirint_screen/LabirintView.cpp:382:6:virtual void LabirintView::goU()	12	static
D:/Izobrazevanje/4_FE_UNI_LJ/4._letnik/1._semester/Robotski_in_merilni_vgrajeni_sistemi/TouchGFX/Igre/TouchGFX/gui/src/labirint_screen/LabirintView.cpp:397:6:virtual void LabirintView::goR()	16	static
D:/Izobrazevanje/4_FE_UNI_LJ/4._letnik/1._semester/Robotski_in_merilni_vgrajeni_sistemi/TouchGFX/Igre/TouchGFX/gui/src/labirint_screen/LabirintView.cpp:419:6:virtual void LabirintView::goD()	12	static
D:/Izobrazevanje/4_FE_UNI_LJ/4._letnik/1._semester/Robotski_in_merilni_vgrajeni_sistemi/TouchGFX/Igre/TouchGFX/gui/src/labirint_screen/LabirintView.cpp:434:6:virtual void LabirintView::goL()	16	static
