../../Middlewares/ST/touchgfx/framework/include/touchgfx/Screen.hpp:104:18:virtual void touchgfx::Screen::afterTransition()	0	static
../../Middlewares/ST/touchgfx/framework/include/touchgfx/Screen.hpp:144:18:virtual void touchgfx::Screen::handleTickEvent()	0	static
../../Middlewares/ST/touchgfx/framework/include/touchgfx/Screen.hpp:154:18:virtual void touchgfx::Screen::handleKeyEvent(uint8_t)	0	static
D:/Izobrazevanje/4_FE_UNI_LJ/4._letnik/1._semester/Robotski_in_merilni_vgrajeni_sistemi/TouchGFX/Igre/TouchGFX/gui/src/seznam_screen/SeznamView.cpp:13:6:virtual void SeznamView::tearDownScreen()	0	static
../../TouchGFX/gui/include/gui/seznam_screen/SeznamView.hpp:11:13:SeznamView::~SeznamView()	8	static
../../TouchGFX/gui/include/gui/seznam_screen/SeznamView.hpp:11:13:virtual SeznamView::~SeznamView()	8	static
D:/Izobrazevanje/4_FE_UNI_LJ/4._letnik/1._semester/Robotski_in_merilni_vgrajeni_sistemi/TouchGFX/Igre/TouchGFX/gui/src/seznam_screen/SeznamView.cpp:3:1:SeznamView::SeznamView()	8	static
D:/Izobrazevanje/4_FE_UNI_LJ/4._letnik/1._semester/Robotski_in_merilni_vgrajeni_sistemi/TouchGFX/Igre/TouchGFX/gui/src/seznam_screen/SeznamView.cpp:8:6:virtual void SeznamView::setupScreen()	0	static
