../../TouchGFX/gui/include/gui/seznam_screen/SeznamPresenter.hpp:28:13:SeznamPresenter::~SeznamPresenter()	0	static
D:/Izobrazevanje/4_FE_UNI_LJ/4._letnik/1._semester/Robotski_in_merilni_vgrajeni_sistemi/TouchGFX/Igre/TouchGFX/gui/src/seznam_screen/SeznamPresenter.cpp:10:6:virtual void SeznamPresenter::activate()	0	static
../../TouchGFX/gui/include/gui/seznam_screen/SeznamPresenter.hpp:28:13:virtual SeznamPresenter::~SeznamPresenter()	8	static
../../TouchGFX/gui/include/gui/seznam_screen/SeznamPresenter.hpp:28:13:virtual void* SeznamPresenter::_ZThn4_N15SeznamPresenterD1Ev()	0	static
../../TouchGFX/gui/include/gui/seznam_screen/SeznamPresenter.hpp:28:13:virtual void* SeznamPresenter::_ZThn4_N15SeznamPresenterD0Ev()	16	static
D:/Izobrazevanje/4_FE_UNI_LJ/4._letnik/1._semester/Robotski_in_merilni_vgrajeni_sistemi/TouchGFX/Igre/TouchGFX/gui/src/seznam_screen/SeznamPresenter.cpp:4:1:SeznamPresenter::SeznamPresenter(SeznamView&)	4	static
