../../Middlewares/ST/touchgfx/framework/include/touchgfx/Screen.hpp:104:18:virtual void touchgfx::Screen::afterTransition()	0	static
../../Middlewares/ST/touchgfx/framework/include/touchgfx/Screen.hpp:115:18:virtual void touchgfx::Screen::tearDownScreen()	0	static
../../Middlewares/ST/touchgfx/framework/include/touchgfx/Screen.hpp:144:18:virtual void touchgfx::Screen::handleTickEvent()	0	static
../../Middlewares/ST/touchgfx/framework/include/touchgfx/Screen.hpp:154:18:virtual void touchgfx::Screen::handleKeyEvent(uint8_t)	0	static
D:/Izobrazevanje/4_FE_UNI_LJ/4._letnik/1._semester/Robotski_in_merilni_vgrajeni_sistemi/TouchGFX/Igre/TouchGFX/generated/gui_generated/src/kaca2_screen/Kaca2ViewBase.cpp:213:1:Kaca2ViewBase::~Kaca2ViewBase()	0	static
D:/Izobrazevanje/4_FE_UNI_LJ/4._letnik/1._semester/Robotski_in_merilni_vgrajeni_sistemi/TouchGFX/Igre/TouchGFX/generated/gui_generated/src/kaca2_screen/Kaca2ViewBase.cpp:218:6:virtual void Kaca2ViewBase::setupScreen()	0	static
D:/Izobrazevanje/4_FE_UNI_LJ/4._letnik/1._semester/Robotski_in_merilni_vgrajeni_sistemi/TouchGFX/Igre/TouchGFX/generated/gui_generated/src/kaca2_screen/Kaca2ViewBase.cpp:213:1:virtual Kaca2ViewBase::~Kaca2ViewBase()	8	static
D:/Izobrazevanje/4_FE_UNI_LJ/4._letnik/1._semester/Robotski_in_merilni_vgrajeni_sistemi/TouchGFX/Igre/TouchGFX/generated/gui_generated/src/kaca2_screen/Kaca2ViewBase.cpp:7:1:Kaca2ViewBase::Kaca2ViewBase()	32	static
